
> cyber_physical_portfolio@0.1.0 build
> next build

   Γû▓ Next.js 15.0.3

   Creating an optimized production build ...
npm : Failed to 
compile.
At line:1 char:1
+ npm run build > 
build_error.log 2>&1
+ ~~~~~~~~~~~~~~~~~~~
~~~~~~~~~~~~~~~~~
    + CategoryInfo   
           : NotSpe  
  cified: (Failed    
 to compile.:Stri    
ng) [], RemoteEx    
ception
    + FullyQualified 
   ErrorId : Native  
  CommandError
 

app\layout.tsx
An error occurred in 
`next/font`.

Error: Cannot find 
module '@tailwindcss/
postcss'
Require stack:
- C:\Users\tejas\.gem
ini\antigravity\scrat
ch\cyber_physical_por
tfolio\node_modules\n
ext\dist\build\webpac
k\config\blocks\css\p
lugins.js
- C:\Users\tejas\.gem
ini\antigravity\scrat
ch\cyber_physical_por
tfolio\node_modules\n
ext\dist\build\webpac
k\config\blocks\css\i
ndex.js
- C:\Users\tejas\.gem
ini\antigravity\scrat
ch\cyber_physical_por
tfolio\node_modules\n
ext\dist\build\webpac
k\config\index.js
- C:\Users\tejas\.gem
ini\antigravity\scrat
ch\cyber_physical_por
tfolio\node_modules\n
ext\dist\build\webpac
k-config.js
- C:\Users\tejas\.gem
ini\antigravity\scrat
ch\cyber_physical_por
tfolio\node_modules\n
ext\dist\build\webpac
k-build\impl.js
- C:\Users\tejas\.gem
ini\antigravity\scrat
ch\cyber_physical_por
tfolio\node_modules\n
ext\dist\compiled\jes
t-worker\processChild
.js
    at Module._resolv
eFilename (node:inter
nal/modules/cjs/loade
r:1145:15)
    at C:\Users\tejas
\.gemini\antigravity\
scratch\cyber_physica
l_portfolio\node_modu
les\next\dist\server\
require-hook.js:55:36
    at 
Function.resolve (nod
e:internal/modules/he
lpers:190:19)
    at loadPlugin (C:
\Users\tejas\.gemini\
antigravity\scratch\c
yber_physical_portfol
io\node_modules\next\
dist\build\webpack\co
nfig\blocks\css\plugi
ns.js:49:32)
    at C:\Users\tejas
\.gemini\antigravity\
scratch\cyber_physica
l_portfolio\node_modu
les\next\dist\build\w
ebpack\config\blocks\
css\plugins.js:157:56
    at Array.map 
(<anonymous>)
    at 
getPostCssPlugins (C:
\Users\tejas\.gemini\
antigravity\scratch\c
yber_physical_portfol
io\node_modules\next\
dist\build\webpack\co
nfig\blocks\css\plugi
ns.js:157:47)
    at async C:\Users
\tejas\.gemini\antigr
avity\scratch\cyber_p
hysical_portfolio\nod
e_modules\next\dist\b
uild\webpack\config\b
locks\css\index.js:12
4:36
    at async C:\Users
\tejas\.gemini\antigr
avity\scratch\cyber_p
hysical_portfolio\nod
e_modules\next\dist\b
uild\webpack\loaders\
next-font-loader\inde
x.js:86:33
    at async 
Span.traceAsyncFn (C:
\Users\tejas\.gemini\
antigravity\scratch\c
yber_physical_portfol
io\node_modules\next\
dist\trace\trace.js:1
53:20)

app\layout.tsx
An error occurred in 
`next/font`.

Error: Cannot find 
module '@tailwindcss/
postcss'
Require stack:
- C:\Users\tejas\.gem
ini\antigravity\scrat
ch\cyber_physical_por
tfolio\node_modules\n
ext\dist\build\webpac
k\config\blocks\css\p
lugins.js
- C:\Users\tejas\.gem
ini\antigravity\scrat
ch\cyber_physical_por
tfolio\node_modules\n
ext\dist\build\webpac
k\config\blocks\css\i
ndex.js
- C:\Users\tejas\.gem
ini\antigravity\scrat
ch\cyber_physical_por
tfolio\node_modules\n
ext\dist\build\webpac
k\config\index.js
- C:\Users\tejas\.gem
ini\antigravity\scrat
ch\cyber_physical_por
tfolio\node_modules\n
ext\dist\build\webpac
k-config.js
- C:\Users\tejas\.gem
ini\antigravity\scrat
ch\cyber_physical_por
tfolio\node_modules\n
ext\dist\build\webpac
k-build\impl.js
- C:\Users\tejas\.gem
ini\antigravity\scrat
ch\cyber_physical_por
tfolio\node_modules\n
ext\dist\compiled\jes
t-worker\processChild
.js
    at Module._resolv
eFilename (node:inter
nal/modules/cjs/loade
r:1145:15)
    at C:\Users\tejas
\.gemini\antigravity\
scratch\cyber_physica
l_portfolio\node_modu
les\next\dist\server\
require-hook.js:55:36
    at 
Function.resolve (nod
e:internal/modules/he
lpers:190:19)
    at loadPlugin (C:
\Users\tejas\.gemini\
antigravity\scratch\c
yber_physical_portfol
io\node_modules\next\
dist\build\webpack\co
nfig\blocks\css\plugi
ns.js:49:32)
    at C:\Users\tejas
\.gemini\antigravity\
scratch\cyber_physica
l_portfolio\node_modu
les\next\dist\build\w
ebpack\config\blocks\
css\plugins.js:157:56
    at Array.map 
(<anonymous>)
    at 
getPostCssPlugins (C:
\Users\tejas\.gemini\
antigravity\scratch\c
yber_physical_portfol
io\node_modules\next\
dist\build\webpack\co
nfig\blocks\css\plugi
ns.js:157:47)
    at async C:\Users
\tejas\.gemini\antigr
avity\scratch\cyber_p
hysical_portfolio\nod
e_modules\next\dist\b
uild\webpack\config\b
locks\css\index.js:12
4:36
    at async C:\Users
\tejas\.gemini\antigr
avity\scratch\cyber_p
hysical_portfolio\nod
e_modules\next\dist\b
uild\webpack\loaders\
next-font-loader\inde
x.js:86:33
    at async 
Span.traceAsyncFn (C:
\Users\tejas\.gemini\
antigravity\scratch\c
yber_physical_portfol
io\node_modules\next\
dist\trace\trace.js:1
53:20)

app\layout.tsx
An error occurred in 
`next/font`.

Error: Cannot find 
module '@tailwindcss/
postcss'
Require stack:
- C:\Users\tejas\.gem
ini\antigravity\scrat
ch\cyber_physical_por
tfolio\node_modules\n
ext\dist\build\webpac
k\config\blocks\css\p
lugins.js
- C:\Users\tejas\.gem
ini\antigravity\scrat
ch\cyber_physical_por
tfolio\node_modules\n
ext\dist\build\webpac
k\config\blocks\css\i
ndex.js
- C:\Users\tejas\.gem
ini\antigravity\scrat
ch\cyber_physical_por
tfolio\node_modules\n
ext\dist\build\webpac
k\config\index.js
- C:\Users\tejas\.gem
ini\antigravity\scrat
ch\cyber_physical_por
tfolio\node_modules\n
ext\dist\build\webpac
k-config.js
- C:\Users\tejas\.gem
ini\antigravity\scrat
ch\cyber_physical_por
tfolio\node_modules\n
ext\dist\build\webpac
k-build\impl.js
- C:\Users\tejas\.gem
ini\antigravity\scrat
ch\cyber_physical_por
tfolio\node_modules\n
ext\dist\compiled\jes
t-worker\processChild
.js
    at Module._resolv
eFilename (node:inter
nal/modules/cjs/loade
r:1145:15)
    at C:\Users\tejas
\.gemini\antigravity\
scratch\cyber_physica
l_portfolio\node_modu
les\next\dist\server\
require-hook.js:55:36
    at 
Function.resolve (nod
e:internal/modules/he
lpers:190:19)
    at loadPlugin (C:
\Users\tejas\.gemini\
antigravity\scratch\c
yber_physical_portfol
io\node_modules\next\
dist\build\webpack\co
nfig\blocks\css\plugi
ns.js:49:32)
    at C:\Users\tejas
\.gemini\antigravity\
scratch\cyber_physica
l_portfolio\node_modu
les\next\dist\build\w
ebpack\config\blocks\
css\plugins.js:157:56
    at Array.map 
(<anonymous>)
    at 
getPostCssPlugins (C:
\Users\tejas\.gemini\
antigravity\scratch\c
yber_physical_portfol
io\node_modules\next\
dist\build\webpack\co
nfig\blocks\css\plugi
ns.js:157:47)
    at async C:\Users
\tejas\.gemini\antigr
avity\scratch\cyber_p
hysical_portfolio\nod
e_modules\next\dist\b
uild\webpack\config\b
locks\css\index.js:12
4:36
    at async C:\Users
\tejas\.gemini\antigr
avity\scratch\cyber_p
hysical_portfolio\nod
e_modules\next\dist\b
uild\webpack\loaders\
next-font-loader\inde
x.js:86:33
    at async 
Span.traceAsyncFn (C:
\Users\tejas\.gemini\
antigravity\scratch\c
yber_physical_portfol
io\node_modules\next\
dist\trace\trace.js:1
53:20)


> Build failed 
because of webpack 
errors
