app/layout.tsx(4,30): error TS2307: Cannot find module '@/context/ViewContext' or its corresponding type declarations.
app/layout.tsx(5,29): error TS2307: Cannot find module '@/components/ui/SmartCursor' or its corresponding type declarations.
app/layout.tsx(6,30): error TS2307: Cannot find module '@/components/SmoothScroll' or its corresponding type declarations.
app/page.tsx(3,25): error TS2307: Cannot find module '@/context/ViewContext' or its corresponding type declarations.
app/page.tsx(4,26): error TS2307: Cannot find module '@/components/JsonView' or its corresponding type declarations.
app/page.tsx(5,31): error TS2307: Cannot find module '@/components/editorial/ManifestoHero' or its corresponding type declarations.
app/page.tsx(6,34): error TS2307: Cannot find module '@/components/editorial/BlueprintFeature' or its corresponding type declarations.
app/page.tsx(7,28): error TS2307: Cannot find module '@/components/editorial/VideoStory' or its corresponding type declarations.
app/page.tsx(8,34): error TS2307: Cannot find module '@/components/editorial/FilmStripGallery' or its corresponding type declarations.
app/page.tsx(9,29): error TS2307: Cannot find module '@/components/editorial/ArchiveGrid' or its corresponding type declarations.
app/page.tsx(10,29): error TS2307: Cannot find module '@/components/ui/ScrollyText' or its corresponding type declarations.
